[2022-12-06T08:57:28.847+0000][33][gc] Using G1
[2022-12-06T08:57:29.008+0000][33][gc,init] Version: 17.0.5+8 (release)
[2022-12-06T08:57:29.009+0000][33][gc,init] CPUs: 16 total, 16 available
[2022-12-06T08:57:29.009+0000][33][gc,init] Memory: 12553M
[2022-12-06T08:57:29.009+0000][33][gc,init] Large Page Support: Disabled
[2022-12-06T08:57:29.009+0000][33][gc,init] NUMA Support: Disabled
[2022-12-06T08:57:29.009+0000][33][gc,init] Compressed Oops: Enabled (32-bit)
[2022-12-06T08:57:29.009+0000][33][gc,init] Heap Region Size: 1M
[2022-12-06T08:57:29.010+0000][33][gc,init] Heap Min Capacity: 1G
[2022-12-06T08:57:29.010+0000][33][gc,init] Heap Initial Capacity: 1G
[2022-12-06T08:57:29.010+0000][33][gc,init] Heap Max Capacity: 1G
[2022-12-06T08:57:29.020+0000][33][gc,init] Pre-touch: Enabled
[2022-12-06T08:57:29.021+0000][33][gc,init] Parallel Workers: 13
[2022-12-06T08:57:29.021+0000][33][gc,init] Concurrent Workers: 3
[2022-12-06T08:57:29.021+0000][33][gc,init] Concurrent Refinement Workers: 13
[2022-12-06T08:57:29.021+0000][33][gc,init] Periodic GC: Disabled
[2022-12-06T08:57:29.021+0000][33][gc,metaspace] CDS archive(s) mapped at: [0x0000000800000000-0x0000000800be1000-0x0000000800be1000), size 12455936, SharedBaseAddress: 0x0000000800000000, ArchiveRelocationMode: 0.
[2022-12-06T08:57:29.021+0000][33][gc,metaspace] Compressed class space mapped at: 0x0000000800c00000-0x0000000840c00000, reserved size: 1073741824
[2022-12-06T08:57:29.021+0000][33][gc,metaspace] Narrow klass base: 0x0000000800000000, Narrow klass shift: 0, Narrow klass range: 0x100000000
[2022-12-06T08:57:29.352+0000][33][safepoint   ] Safepoint "ICBufferFull", Time since last: 325390168 ns, Reaching safepoint: 197903 ns, At safepoint: 3185 ns, Total: 201088 ns
[2022-12-06T08:57:30.055+0000][33][safepoint   ] Safepoint "ICBufferFull", Time since last: 702491940 ns, Reaching safepoint: 230259 ns, At safepoint: 16094 ns, Total: 246353 ns
[2022-12-06T08:57:30.107+0000][33][gc,start    ] GC(0) Pause Young (Normal) (G1 Evacuation Pause)
[2022-12-06T08:57:30.107+0000][33][gc,task     ] GC(0) Using 13 workers of 13 for evacuation
[2022-12-06T08:57:30.108+0000][33][gc,age      ] GC(0) Desired survivor size 3670016 bytes, new threshold 15 (max threshold 15)
[2022-12-06T08:57:30.112+0000][33][gc,age      ] GC(0) Age table with threshold 15 (max threshold 15)
[2022-12-06T08:57:30.113+0000][33][gc,age      ] GC(0) - age   1:    5301336 bytes,    5301336 total
[2022-12-06T08:57:30.113+0000][33][gc,phases   ] GC(0)   Pre Evacuate Collection Set: 0.3ms
[2022-12-06T08:57:30.113+0000][33][gc,phases   ] GC(0)   Merge Heap Roots: 0.2ms
[2022-12-06T08:57:30.113+0000][33][gc,phases   ] GC(0)   Evacuate Collection Set: 2.6ms
[2022-12-06T08:57:30.113+0000][33][gc,phases   ] GC(0)   Post Evacuate Collection Set: 1.1ms
[2022-12-06T08:57:30.114+0000][33][gc,phases   ] GC(0)   Other: 1.7ms
[2022-12-06T08:57:30.114+0000][33][gc,heap     ] GC(0) Eden regions: 51->0(58)
[2022-12-06T08:57:30.114+0000][33][gc,heap     ] GC(0) Survivor regions: 0->6(7)
[2022-12-06T08:57:30.114+0000][33][gc,heap     ] GC(0) Old regions: 0->0
[2022-12-06T08:57:30.114+0000][33][gc,heap     ] GC(0) Archive regions: 2->2
[2022-12-06T08:57:30.115+0000][33][gc,heap     ] GC(0) Humongous regions: 1->1
[2022-12-06T08:57:30.115+0000][33][gc,metaspace] GC(0) Metaspace: 14230K(14528K)->14230K(14528K) NonClass: 12502K(12672K)->12502K(12672K) Class: 1727K(1856K)->1727K(1856K)
[2022-12-06T08:57:30.115+0000][33][gc          ] GC(0) Pause Young (Normal) (G1 Evacuation Pause) 52M->7M(1024M) 7.951ms
[2022-12-06T08:57:30.115+0000][33][gc,cpu      ] GC(0) User=0.02s Sys=0.01s Real=0.00s
[2022-12-06T08:57:30.115+0000][33][safepoint   ] Safepoint "G1CollectForAllocation", Time since last: 51553613 ns, Reaching safepoint: 285131 ns, At safepoint: 8392509 ns, Total: 8677640 ns
[2022-12-06T08:57:30.326+0000][33][gc,start    ] GC(1) Pause Young (Normal) (G1 Evacuation Pause)
[2022-12-06T08:57:30.326+0000][33][gc,task     ] GC(1) Using 13 workers of 13 for evacuation
[2022-12-06T08:57:30.326+0000][33][gc,age      ] GC(1) Desired survivor size 4194304 bytes, new threshold 1 (max threshold 15)
[2022-12-06T08:57:30.331+0000][33][gc,age      ] GC(1) Age table with threshold 1 (max threshold 15)
[2022-12-06T08:57:30.331+0000][33][gc,age      ] GC(1) - age   1:    1435088 bytes,    1435088 total
[2022-12-06T08:57:30.332+0000][33][gc,phases   ] GC(1)   Pre Evacuate Collection Set: 0.3ms
[2022-12-06T08:57:30.332+0000][33][gc,phases   ] GC(1)   Merge Heap Roots: 0.2ms
[2022-12-06T08:57:30.332+0000][33][gc,phases   ] GC(1)   Evacuate Collection Set: 2.8ms
[2022-12-06T08:57:30.332+0000][33][gc,phases   ] GC(1)   Post Evacuate Collection Set: 0.8ms
[2022-12-06T08:57:30.332+0000][33][gc,phases   ] GC(1)   Other: 1.7ms
[2022-12-06T08:57:30.333+0000][33][gc,heap     ] GC(1) Eden regions: 58->0(132)
[2022-12-06T08:57:30.333+0000][33][gc,heap     ] GC(1) Survivor regions: 6->2(8)
[2022-12-06T08:57:30.333+0000][33][gc,heap     ] GC(1) Old regions: 0->6
[2022-12-06T08:57:30.333+0000][33][gc,heap     ] GC(1) Archive regions: 2->2
[2022-12-06T08:57:30.333+0000][33][gc,heap     ] GC(1) Humongous regions: 1->1
[2022-12-06T08:57:30.333+0000][33][gc,metaspace] GC(1) Metaspace: 15652K(15872K)->15652K(15872K) NonClass: 13758K(13888K)->13758K(13888K) Class: 1894K(1984K)->1894K(1984K)
[2022-12-06T08:57:30.333+0000][33][gc          ] GC(1) Pause Young (Normal) (G1 Evacuation Pause) 65M->8M(1024M) 7.466ms
[2022-12-06T08:57:30.334+0000][33][gc,cpu      ] GC(1) User=0.03s Sys=0.02s Real=0.00s
[2022-12-06T08:57:30.334+0000][33][safepoint   ] Safepoint "G1CollectForAllocation", Time since last: 210269377 ns, Reaching safepoint: 261211 ns, At safepoint: 7863870 ns, Total: 8125081 ns
[2022-12-06T08:57:30.716+0000][33][gc,start    ] GC(2) Pause Young (Normal) (G1 Evacuation Pause)
[2022-12-06T08:57:30.716+0000][33][gc,task     ] GC(2) Using 13 workers of 13 for evacuation
[2022-12-06T08:57:30.717+0000][33][gc,age      ] GC(2) Desired survivor size 8912896 bytes, new threshold 15 (max threshold 15)
[2022-12-06T08:57:30.720+0000][33][gc,age      ] GC(2) Age table with threshold 15 (max threshold 15)
[2022-12-06T08:57:30.720+0000][33][gc,age      ] GC(2) - age   1:    2001712 bytes,    2001712 total
[2022-12-06T08:57:30.720+0000][33][gc,age      ] GC(2) - age   2:     852528 bytes,    2854240 total
[2022-12-06T08:57:30.720+0000][33][gc,phases   ] GC(2)   Pre Evacuate Collection Set: 0.3ms
[2022-12-06T08:57:30.720+0000][33][gc,phases   ] GC(2)   Merge Heap Roots: 0.2ms
[2022-12-06T08:57:30.721+0000][33][gc,phases   ] GC(2)   Evacuate Collection Set: 1.7ms
[2022-12-06T08:57:30.721+0000][33][gc,phases   ] GC(2)   Post Evacuate Collection Set: 0.7ms
[2022-12-06T08:57:30.721+0000][33][gc,phases   ] GC(2)   Other: 1.9ms
[2022-12-06T08:57:30.721+0000][33][gc,heap     ] GC(2) Eden regions: 132->0(611)
[2022-12-06T08:57:30.721+0000][33][gc,heap     ] GC(2) Survivor regions: 2->3(17)
[2022-12-06T08:57:30.721+0000][33][gc,heap     ] GC(2) Old regions: 6->6
[2022-12-06T08:57:30.721+0000][33][gc,heap     ] GC(2) Archive regions: 2->2
[2022-12-06T08:57:30.721+0000][33][gc,heap     ] GC(2) Humongous regions: 1->1
[2022-12-06T08:57:30.721+0000][33][gc,metaspace] GC(2) Metaspace: 16203K(16448K)->16203K(16448K) NonClass: 14245K(14400K)->14245K(14400K) Class: 1958K(2048K)->1958K(2048K)
[2022-12-06T08:57:30.722+0000][33][gc          ] GC(2) Pause Young (Normal) (G1 Evacuation Pause) 140M->9M(1024M) 6.088ms
[2022-12-06T08:57:30.722+0000][33][gc,cpu      ] GC(2) User=0.05s Sys=0.01s Real=0.01s
[2022-12-06T08:57:30.722+0000][33][safepoint   ] Safepoint "G1CollectForAllocation", Time since last: 381101667 ns, Reaching safepoint: 526313 ns, At safepoint: 6520902 ns, Total: 7047215 ns
[2022-12-06T08:57:31.155+0000][33][safepoint   ] Safepoint "ICBufferFull", Time since last: 432609727 ns, Reaching safepoint: 212065 ns, At safepoint: 14616 ns, Total: 226681 ns
[2022-12-06T08:57:31.762+0000][33][gc,start    ] GC(3) Pause Young (Concurrent Start) (Metadata GC Threshold)
[2022-12-06T08:57:31.762+0000][33][gc,task     ] GC(3) Using 13 workers of 13 for evacuation
[2022-12-06T08:57:31.763+0000][33][gc,age      ] GC(3) Desired survivor size 40370176 bytes, new threshold 15 (max threshold 15)
[2022-12-06T08:57:31.772+0000][33][gc,age      ] GC(3) Age table with threshold 15 (max threshold 15)
[2022-12-06T08:57:31.772+0000][33][gc,age      ] GC(3) - age   1:   14090896 bytes,   14090896 total
[2022-12-06T08:57:31.772+0000][33][gc,age      ] GC(3) - age   2:    1992432 bytes,   16083328 total
[2022-12-06T08:57:31.772+0000][33][gc,age      ] GC(3) - age   3:     851360 bytes,   16934688 total
[2022-12-06T08:57:31.772+0000][33][gc,phases   ] GC(3)   Pre Evacuate Collection Set: 0.6ms
[2022-12-06T08:57:31.773+0000][33][gc,phases   ] GC(3)   Merge Heap Roots: 0.2ms
[2022-12-06T08:57:31.773+0000][33][gc,phases   ] GC(3)   Evacuate Collection Set: 5.8ms
[2022-12-06T08:57:31.773+0000][33][gc,phases   ] GC(3)   Post Evacuate Collection Set: 1.4ms
[2022-12-06T08:57:31.773+0000][33][gc,phases   ] GC(3)   Other: 2.5ms
[2022-12-06T08:57:31.773+0000][33][gc,heap     ] GC(3) Eden regions: 475->0(597)
[2022-12-06T08:57:31.773+0000][33][gc,heap     ] GC(3) Survivor regions: 3->17(77)
[2022-12-06T08:57:31.773+0000][33][gc,heap     ] GC(3) Old regions: 6->6
[2022-12-06T08:57:31.773+0000][33][gc,heap     ] GC(3) Archive regions: 2->2
[2022-12-06T08:57:31.773+0000][33][gc,heap     ] GC(3) Humongous regions: 7->1
[2022-12-06T08:57:31.773+0000][33][gc,metaspace] GC(3) Metaspace: 21136K(21504K)->21136K(21504K) NonClass: 18591K(18816K)->18591K(18816K) Class: 2545K(2688K)->2545K(2688K)
[2022-12-06T08:57:31.774+0000][33][gc          ] GC(3) Pause Young (Concurrent Start) (Metadata GC Threshold) 490M->23M(1024M) 11.588ms
[2022-12-06T08:57:31.774+0000][33][gc,cpu      ] GC(3) User=0.09s Sys=0.00s Real=0.01s
[2022-12-06T08:57:31.774+0000][33][gc          ] GC(4) Concurrent Mark Cycle
[2022-12-06T08:57:31.774+0000][33][gc,marking  ] GC(4) Concurrent Clear Claimed Marks
[2022-12-06T08:57:31.774+0000][33][safepoint   ] Safepoint "CollectForMetadataAllocation", Time since last: 606937873 ns, Reaching safepoint: 282408 ns, At safepoint: 11957048 ns, Total: 12239456 ns
[2022-12-06T08:57:31.774+0000][33][gc,marking  ] GC(4) Concurrent Clear Claimed Marks 0.219ms
[2022-12-06T08:57:31.775+0000][33][gc,marking  ] GC(4) Concurrent Scan Root Regions
[2022-12-06T08:57:31.776+0000][33][gc,marking  ] GC(4) Concurrent Scan Root Regions 1.795ms
[2022-12-06T08:57:31.777+0000][33][gc,marking  ] GC(4) Concurrent Mark
[2022-12-06T08:57:31.777+0000][33][gc,marking  ] GC(4) Concurrent Mark From Roots
[2022-12-06T08:57:31.777+0000][33][gc,task     ] GC(4) Using 3 workers of 3 for marking
[2022-12-06T08:57:31.780+0000][33][gc,marking  ] GC(4) Concurrent Mark From Roots 3.487ms
[2022-12-06T08:57:31.781+0000][33][gc,marking  ] GC(4) Concurrent Preclean
[2022-12-06T08:57:31.781+0000][33][gc,marking  ] GC(4) Concurrent Preclean 0.249ms
[2022-12-06T08:57:31.781+0000][33][gc,start    ] GC(4) Pause Remark
[2022-12-06T08:57:31.784+0000][33][gc          ] GC(4) Pause Remark 24M->24M(1024M) 2.192ms
[2022-12-06T08:57:31.784+0000][33][gc,cpu      ] GC(4) User=0.01s Sys=0.00s Real=0.00s
[2022-12-06T08:57:31.784+0000][33][safepoint   ] Safepoint "G1Concurrent", Time since last: 7224181 ns, Reaching safepoint: 221658 ns, At safepoint: 2647698 ns, Total: 2869356 ns
[2022-12-06T08:57:31.784+0000][33][gc,marking  ] GC(4) Concurrent Mark 7.660ms
[2022-12-06T08:57:31.784+0000][33][gc,marking  ] GC(4) Concurrent Rebuild Remembered Sets
[2022-12-06T08:57:31.786+0000][33][gc,marking  ] GC(4) Concurrent Rebuild Remembered Sets 1.430ms
[2022-12-06T08:57:31.786+0000][33][gc,start    ] GC(4) Pause Cleanup
[2022-12-06T08:57:31.786+0000][33][gc          ] GC(4) Pause Cleanup 25M->25M(1024M) 0.318ms
[2022-12-06T08:57:31.787+0000][33][gc,cpu      ] GC(4) User=0.00s Sys=0.00s Real=0.00s
[2022-12-06T08:57:31.787+0000][33][safepoint   ] Safepoint "G1Concurrent", Time since last: 1992621 ns, Reaching safepoint: 151180 ns, At safepoint: 550827 ns, Total: 702007 ns
[2022-12-06T08:57:31.787+0000][33][gc,marking  ] GC(4) Concurrent Cleanup for Next Mark
[2022-12-06T08:57:31.788+0000][33][gc,marking  ] GC(4) Concurrent Cleanup for Next Mark 1.270ms
[2022-12-06T08:57:31.788+0000][33][gc          ] GC(4) Concurrent Mark Cycle 14.384ms
[2022-12-06T08:57:32.752+0000][33][safepoint   ] Safepoint "ICBufferFull", Time since last: 964713286 ns, Reaching safepoint: 354561 ns, At safepoint: 25080 ns, Total: 379641 ns
[2022-12-06T08:57:32.808+0000][33][gc,start    ] GC(5) Pause Young (Concurrent Start) (Metadata GC Threshold)
[2022-12-06T08:57:32.808+0000][33][gc,task     ] GC(5) Using 13 workers of 13 for evacuation
[2022-12-06T08:57:32.808+0000][33][gc,age      ] GC(5) Desired survivor size 40370176 bytes, new threshold 15 (max threshold 15)
[2022-12-06T08:57:32.818+0000][33][gc,age      ] GC(5) Age table with threshold 15 (max threshold 15)
[2022-12-06T08:57:32.819+0000][33][gc,age      ] GC(5) - age   1:    8521048 bytes,    8521048 total
[2022-12-06T08:57:32.819+0000][33][gc,age      ] GC(5) - age   2:   14013736 bytes,   22534784 total
[2022-12-06T08:57:32.819+0000][33][gc,age      ] GC(5) - age   3:    1986608 bytes,   24521392 total
[2022-12-06T08:57:32.819+0000][33][gc,age      ] GC(5) - age   4:     799680 bytes,   25321072 total
[2022-12-06T08:57:32.819+0000][33][gc,phases   ] GC(5)   Pre Evacuate Collection Set: 0.3ms
[2022-12-06T08:57:32.820+0000][33][gc,phases   ] GC(5)   Merge Heap Roots: 0.2ms
[2022-12-06T08:57:32.820+0000][33][gc,phases   ] GC(5)   Evacuate Collection Set: 7.7ms
[2022-12-06T08:57:32.820+0000][33][gc,phases   ] GC(5)   Post Evacuate Collection Set: 1.5ms
[2022-12-06T08:57:32.820+0000][33][gc,phases   ] GC(5)   Other: 2.2ms
[2022-12-06T08:57:32.820+0000][33][gc,heap     ] GC(5) Eden regions: 216->0(588)
[2022-12-06T08:57:32.820+0000][33][gc,heap     ] GC(5) Survivor regions: 17->26(77)
[2022-12-06T08:57:32.820+0000][33][gc,heap     ] GC(5) Old regions: 6->6
[2022-12-06T08:57:32.820+0000][33][gc,heap     ] GC(5) Archive regions: 2->2
[2022-12-06T08:57:32.820+0000][33][gc,heap     ] GC(5) Humongous regions: 7->1
[2022-12-06T08:57:32.820+0000][33][gc,metaspace] GC(5) Metaspace: 35600K(36160K)->35600K(36160K) NonClass: 31676K(32000K)->31676K(32000K) Class: 3923K(4160K)->3923K(4160K)
[2022-12-06T08:57:32.821+0000][33][gc          ] GC(5) Pause Young (Concurrent Start) (Metadata GC Threshold) 245M->32M(1024M) 12.990ms
[2022-12-06T08:57:32.821+0000][33][gc,cpu      ] GC(5) User=0.08s Sys=0.03s Real=0.01s
[2022-12-06T08:57:32.821+0000][33][gc          ] GC(6) Concurrent Mark Cycle
[2022-12-06T08:57:32.821+0000][33][safepoint   ] Safepoint "CollectForMetadataAllocation", Time since last: 55463191 ns, Reaching safepoint: 330599 ns, At safepoint: 13406281 ns, Total: 13736880 ns
[2022-12-06T08:57:32.821+0000][33][gc,marking  ] GC(6) Concurrent Clear Claimed Marks
[2022-12-06T08:57:32.822+0000][33][gc,marking  ] GC(6) Concurrent Clear Claimed Marks 0.422ms
[2022-12-06T08:57:32.822+0000][33][gc,marking  ] GC(6) Concurrent Scan Root Regions
[2022-12-06T08:57:32.824+0000][33][gc,marking  ] GC(6) Concurrent Scan Root Regions 2.059ms
[2022-12-06T08:57:32.824+0000][33][gc,marking  ] GC(6) Concurrent Mark
[2022-12-06T08:57:32.824+0000][33][gc,marking  ] GC(6) Concurrent Mark From Roots
[2022-12-06T08:57:32.824+0000][33][gc,task     ] GC(6) Using 3 workers of 3 for marking
[2022-12-06T08:57:32.828+0000][33][gc,marking  ] GC(6) Concurrent Mark From Roots 3.713ms
[2022-12-06T08:57:32.829+0000][33][gc,marking  ] GC(6) Concurrent Preclean
[2022-12-06T08:57:32.829+0000][33][gc,marking  ] GC(6) Concurrent Preclean 0.332ms
[2022-12-06T08:57:32.829+0000][33][gc,start    ] GC(6) Pause Remark
[2022-12-06T08:57:32.831+0000][33][gc          ] GC(6) Pause Remark 33M->33M(1024M) 2.035ms
[2022-12-06T08:57:32.832+0000][33][gc,cpu      ] GC(6) User=0.01s Sys=0.00s Real=0.00s
[2022-12-06T08:57:32.832+0000][33][safepoint   ] Safepoint "G1Concurrent", Time since last: 8175112 ns, Reaching safepoint: 184117 ns, At safepoint: 2433420 ns, Total: 2617537 ns
[2022-12-06T08:57:32.832+0000][33][gc,marking  ] GC(6) Concurrent Mark 7.823ms
[2022-12-06T08:57:32.832+0000][33][gc,marking  ] GC(6) Concurrent Rebuild Remembered Sets
[2022-12-06T08:57:32.834+0000][33][gc,marking  ] GC(6) Concurrent Rebuild Remembered Sets 1.573ms
[2022-12-06T08:57:32.834+0000][33][gc,start    ] GC(6) Pause Cleanup
[2022-12-06T08:57:32.835+0000][33][gc          ] GC(6) Pause Cleanup 33M->33M(1024M) 0.380ms
[2022-12-06T08:57:32.835+0000][33][gc,cpu      ] GC(6) User=0.00s Sys=0.00s Real=0.00s
[2022-12-06T08:57:32.835+0000][33][safepoint   ] Safepoint "G1Concurrent", Time since last: 2143199 ns, Reaching safepoint: 267142 ns, At safepoint: 789030 ns, Total: 1056172 ns
[2022-12-06T08:57:32.835+0000][33][gc,marking  ] GC(6) Concurrent Cleanup for Next Mark
[2022-12-06T08:57:32.837+0000][33][gc,marking  ] GC(6) Concurrent Cleanup for Next Mark 2.191ms
[2022-12-06T08:57:32.838+0000][33][gc          ] GC(6) Concurrent Mark Cycle 16.984ms
[2022-12-06T08:57:33.012+0000][33][safepoint   ] Safepoint "ICBufferFull", Time since last: 177026376 ns, Reaching safepoint: 264565 ns, At safepoint: 42069 ns, Total: 306634 ns
[2022-12-06T08:57:34.013+0000][33][safepoint   ] Safepoint "Cleanup", Time since last: 1000611195 ns, Reaching safepoint: 366838 ns, At safepoint: 30962 ns, Total: 397800 ns
[2022-12-06T08:57:34.558+0000][33][safepoint   ] Safepoint "ICBufferFull", Time since last: 544017977 ns, Reaching safepoint: 392693 ns, At safepoint: 35024 ns, Total: 427717 ns
[2022-12-06T08:57:35.276+0000][33][safepoint   ] Safepoint "ICBufferFull", Time since last: 718133997 ns, Reaching safepoint: 282906 ns, At safepoint: 3138 ns, Total: 286044 ns
[2022-12-06T08:57:35.627+0000][33][gc,start    ] GC(7) Pause Young (Concurrent Start) (Metadata GC Threshold)
[2022-12-06T08:57:35.627+0000][33][gc,task     ] GC(7) Using 13 workers of 13 for evacuation
[2022-12-06T08:57:35.628+0000][33][gc,age      ] GC(7) Desired survivor size 40370176 bytes, new threshold 15 (max threshold 15)
[2022-12-06T08:57:35.659+0000][33][gc,age      ] GC(7) Age table with threshold 15 (max threshold 15)
[2022-12-06T08:57:35.660+0000][33][gc,age      ] GC(7) - age   1:   34482824 bytes,   34482824 total
[2022-12-06T08:57:35.660+0000][33][gc,age      ] GC(7) - age   2:    8205248 bytes,   42688072 total
[2022-12-06T08:57:35.660+0000][33][gc,age      ] GC(7) - age   3:   13982520 bytes,   56670592 total
[2022-12-06T08:57:35.661+0000][33][gc,age      ] GC(7) - age   4:    1981568 bytes,   58652160 total
[2022-12-06T08:57:35.661+0000][33][gc,age      ] GC(7) - age   5:     794640 bytes,   59446800 total
[2022-12-06T08:57:35.661+0000][33][gc,phases   ] GC(7)   Pre Evacuate Collection Set: 0.3ms
[2022-12-06T08:57:35.661+0000][33][gc,phases   ] GC(7)   Merge Heap Roots: 0.2ms
[2022-12-06T08:57:35.662+0000][33][gc,phases   ] GC(7)   Evacuate Collection Set: 25.1ms
[2022-12-06T08:57:35.662+0000][33][gc,phases   ] GC(7)   Post Evacuate Collection Set: 5.8ms
[2022-12-06T08:57:35.662+0000][33][gc,phases   ] GC(7)   Other: 2.6ms
[2022-12-06T08:57:35.662+0000][33][gc,heap     ] GC(7) Eden regions: 289->0(332)
[2022-12-06T08:57:35.662+0000][33][gc,heap     ] GC(7) Survivor regions: 26->59(77)
[2022-12-06T08:57:35.662+0000][33][gc,heap     ] GC(7) Old regions: 6->6
[2022-12-06T08:57:35.662+0000][33][gc,heap     ] GC(7) Archive regions: 2->2
[2022-12-06T08:57:35.662+0000][33][gc,heap     ] GC(7) Humongous regions: 2->1
[2022-12-06T08:57:35.663+0000][33][gc,metaspace] GC(7) Metaspace: 59543K(60608K)->59543K(60608K) NonClass: 52203K(52800K)->52203K(52800K) Class: 7339K(7808K)->7339K(7808K)
[2022-12-06T08:57:35.663+0000][33][gc          ] GC(7) Pause Young (Concurrent Start) (Metadata GC Threshold) 322M->65M(1024M) 35.688ms
[2022-12-06T08:57:35.663+0000][33][gc,cpu      ] GC(7) User=0.34s Sys=0.02s Real=0.03s
[2022-12-06T08:57:35.663+0000][33][gc          ] GC(8) Concurrent Mark Cycle
[2022-12-06T08:57:35.663+0000][33][safepoint   ] Safepoint "CollectForMetadataAllocation", Time since last: 350568878 ns, Reaching safepoint: 324711 ns, At safepoint: 36378371 ns, Total: 36703082 ns
[2022-12-06T08:57:35.664+0000][33][gc,marking  ] GC(8) Concurrent Clear Claimed Marks
[2022-12-06T08:57:35.664+0000][33][gc,marking  ] GC(8) Concurrent Clear Claimed Marks 0.724ms
[2022-12-06T08:57:35.665+0000][33][gc,marking  ] GC(8) Concurrent Scan Root Regions
[2022-12-06T08:57:35.677+0000][33][gc,marking  ] GC(8) Concurrent Scan Root Regions 11.985ms
[2022-12-06T08:57:35.677+0000][33][gc,marking  ] GC(8) Concurrent Mark
[2022-12-06T08:57:35.677+0000][33][gc,marking  ] GC(8) Concurrent Mark From Roots
[2022-12-06T08:57:35.677+0000][33][gc,task     ] GC(8) Using 3 workers of 3 for marking
[2022-12-06T08:57:35.683+0000][33][gc,marking  ] GC(8) Concurrent Mark From Roots 5.933ms
[2022-12-06T08:57:35.684+0000][33][gc,marking  ] GC(8) Concurrent Preclean
[2022-12-06T08:57:35.684+0000][33][gc,marking  ] GC(8) Concurrent Preclean 0.336ms
[2022-12-06T08:57:35.684+0000][33][gc,start    ] GC(8) Pause Remark
[2022-12-06T08:57:35.688+0000][33][gc          ] GC(8) Pause Remark 66M->66M(1024M) 3.674ms
[2022-12-06T08:57:35.688+0000][33][gc,cpu      ] GC(8) User=0.03s Sys=0.00s Real=0.01s
[2022-12-06T08:57:35.689+0000][33][safepoint   ] Safepoint "G1Concurrent", Time since last: 20701778 ns, Reaching safepoint: 275804 ns, At safepoint: 4266469 ns, Total: 4542273 ns
[2022-12-06T08:57:35.689+0000][33][gc,marking  ] GC(8) Concurrent Mark 12.107ms
[2022-12-06T08:57:35.689+0000][33][gc,marking  ] GC(8) Concurrent Rebuild Remembered Sets
[2022-12-06T08:57:35.691+0000][33][gc,marking  ] GC(8) Concurrent Rebuild Remembered Sets 2.227ms
[2022-12-06T08:57:35.694+0000][33][gc,start    ] GC(8) Pause Cleanup
[2022-12-06T08:57:35.695+0000][33][gc          ] GC(8) Pause Cleanup 66M->66M(1024M) 0.593ms
[2022-12-06T08:57:35.695+0000][33][gc,cpu      ] GC(8) User=0.01s Sys=0.00s Real=0.00s
[2022-12-06T08:57:35.695+0000][33][safepoint   ] Safepoint "G1Concurrent", Time since last: 2980419 ns, Reaching safepoint: 2518101 ns, At safepoint: 1247402 ns, Total: 3765503 ns
[2022-12-06T08:57:35.696+0000][33][gc,marking  ] GC(8) Concurrent Cleanup for Next Mark
[2022-12-06T08:57:35.698+0000][33][gc,marking  ] GC(8) Concurrent Cleanup for Next Mark 2.196ms
[2022-12-06T08:57:35.698+0000][33][gc          ] GC(8) Concurrent Mark Cycle 34.940ms
[2022-12-06T08:57:36.680+0000][33][safepoint   ] Safepoint "ICBufferFull", Time since last: 983233261 ns, Reaching safepoint: 1410123 ns, At safepoint: 115698 ns, Total: 1525821 ns
[2022-12-06T08:57:37.221+0000][33][safepoint   ] Safepoint "ICBufferFull", Time since last: 540389183 ns, Reaching safepoint: 819406 ns, At safepoint: 6331 ns, Total: 825737 ns
[2022-12-06T08:57:38.137+0000][33][safepoint   ] Safepoint "ICBufferFull", Time since last: 915071694 ns, Reaching safepoint: 398479 ns, At safepoint: 8361 ns, Total: 406840 ns
[2022-12-06T08:57:39.138+0000][33][safepoint   ] Safepoint "Cleanup", Time since last: 1000541259 ns, Reaching safepoint: 289335 ns, At safepoint: 6136 ns, Total: 295471 ns
[2022-12-06T08:57:40.139+0000][33][safepoint   ] Safepoint "Cleanup", Time since last: 1000714990 ns, Reaching safepoint: 543238 ns, At safepoint: 11891 ns, Total: 555129 ns
[2022-12-06T08:57:41.140+0000][33][safepoint   ] Safepoint "Cleanup", Time since last: 1000691332 ns, Reaching safepoint: 303625 ns, At safepoint: 4862 ns, Total: 308487 ns
[2022-12-06T08:57:42.141+0000][33][safepoint   ] Safepoint "Cleanup", Time since last: 1000552076 ns, Reaching safepoint: 245209 ns, At safepoint: 5086 ns, Total: 250295 ns
[2022-12-06T08:57:43.142+0000][33][safepoint   ] Safepoint "Cleanup", Time since last: 1000487665 ns, Reaching safepoint: 244125 ns, At safepoint: 3963 ns, Total: 248088 ns
[2022-12-06T08:57:44.142+0000][33][safepoint   ] Safepoint "Cleanup", Time since last: 1000457898 ns, Reaching safepoint: 245120 ns, At safepoint: 17128 ns, Total: 262248 ns
[2022-12-06T08:57:52.144+0000][33][safepoint   ] Safepoint "Cleanup", Time since last: 8001891191 ns, Reaching safepoint: 331457 ns, At safepoint: 4279 ns, Total: 335736 ns
[2022-12-06T08:57:58.147+0000][33][safepoint   ] Safepoint "Cleanup", Time since last: 6001890876 ns, Reaching safepoint: 296063 ns, At safepoint: 5614 ns, Total: 301677 ns
[2022-12-06T08:58:06.149+0000][33][safepoint   ] Safepoint "Cleanup", Time since last: 8001584068 ns, Reaching safepoint: 405939 ns, At safepoint: 23696 ns, Total: 429635 ns
[2022-12-06T08:58:07.150+0000][33][safepoint   ] Safepoint "Cleanup", Time since last: 1000762555 ns, Reaching safepoint: 409976 ns, At safepoint: 21922 ns, Total: 431898 ns
[2022-12-06T08:58:08.151+0000][33][safepoint   ] Safepoint "Cleanup", Time since last: 1000661698 ns, Reaching safepoint: 344290 ns, At safepoint: 4873 ns, Total: 349163 ns
[2022-12-06T08:58:11.153+0000][33][safepoint   ] Safepoint "Cleanup", Time since last: 3001117610 ns, Reaching safepoint: 450128 ns, At safepoint: 16277 ns, Total: 466405 ns
[2022-12-06T08:58:17.154+0000][33][safepoint   ] Safepoint "Cleanup", Time since last: 6001537143 ns, Reaching safepoint: 392557 ns, At safepoint: 12895 ns, Total: 405452 ns
[2022-12-06T08:58:21.156+0000][33][safepoint   ] Safepoint "Cleanup", Time since last: 4001396024 ns, Reaching safepoint: 355477 ns, At safepoint: 12570 ns, Total: 368047 ns
[2022-12-06T08:58:25.158+0000][33][safepoint   ] Safepoint "Cleanup", Time since last: 4001176006 ns, Reaching safepoint: 265741 ns, At safepoint: 4932 ns, Total: 270673 ns
[2022-12-06T08:58:28.159+0000][33][safepoint   ] Safepoint "Cleanup", Time since last: 3000816763 ns, Reaching safepoint: 345952 ns, At safepoint: 3951 ns, Total: 349903 ns
[2022-12-06T08:58:29.160+0000][33][safepoint   ] Safepoint "Cleanup", Time since last: 1000555697 ns, Reaching safepoint: 278765 ns, At safepoint: 3699 ns, Total: 282464 ns
[2022-12-06T08:58:30.160+0000][33][safepoint   ] Safepoint "Cleanup", Time since last: 1000511726 ns, Reaching safepoint: 315146 ns, At safepoint: 8198 ns, Total: 323344 ns
[2022-12-06T08:58:38.163+0000][33][safepoint   ] Safepoint "Cleanup", Time since last: 8001749246 ns, Reaching safepoint: 406808 ns, At safepoint: 9558 ns, Total: 416366 ns
[2022-12-06T08:58:43.164+0000][33][safepoint   ] Safepoint "Cleanup", Time since last: 5001214368 ns, Reaching safepoint: 300028 ns, At safepoint: 4240 ns, Total: 304268 ns
[2022-12-06T08:58:44.165+0000][33][safepoint   ] Safepoint "Cleanup", Time since last: 1000621779 ns, Reaching safepoint: 389200 ns, At safepoint: 11255 ns, Total: 400455 ns
[2022-12-06T08:58:45.167+0000][33][safepoint   ] Safepoint "Cleanup", Time since last: 1000957822 ns, Reaching safepoint: 613435 ns, At safepoint: 13178 ns, Total: 626613 ns
[2022-12-06T08:58:46.168+0000][33][safepoint   ] Safepoint "Cleanup", Time since last: 1000644081 ns, Reaching safepoint: 364678 ns, At safepoint: 5016 ns, Total: 369694 ns
[2022-12-06T08:58:48.169+0000][33][safepoint   ] Safepoint "Cleanup", Time since last: 2000703178 ns, Reaching safepoint: 273772 ns, At safepoint: 3637 ns, Total: 277409 ns
[2022-12-06T08:58:51.170+0000][33][safepoint   ] Safepoint "Cleanup", Time since last: 3000989991 ns, Reaching safepoint: 316869 ns, At safepoint: 4659 ns, Total: 321528 ns
[2022-12-06T08:58:53.171+0000][33][safepoint   ] Safepoint "Cleanup", Time since last: 2000788295 ns, Reaching safepoint: 297065 ns, At safepoint: 5337 ns, Total: 302402 ns
[2022-12-06T08:58:58.173+0000][33][safepoint   ] Safepoint "Cleanup", Time since last: 5001377105 ns, Reaching safepoint: 395696 ns, At safepoint: 12220 ns, Total: 407916 ns
[2022-12-06T08:59:01.174+0000][33][safepoint   ] Safepoint "Cleanup", Time since last: 3000989345 ns, Reaching safepoint: 261494 ns, At safepoint: 5583 ns, Total: 267077 ns
[2022-12-06T08:59:08.176+0000][33][safepoint   ] Safepoint "Cleanup", Time since last: 7001736052 ns, Reaching safepoint: 250733 ns, At safepoint: 5099 ns, Total: 255832 ns
[2022-12-06T08:59:11.178+0000][33][safepoint   ] Safepoint "Cleanup", Time since last: 3000930568 ns, Reaching safepoint: 482770 ns, At safepoint: 15080 ns, Total: 497850 ns
[2022-12-06T08:59:18.180+0000][33][safepoint   ] Safepoint "Cleanup", Time since last: 7001959489 ns, Reaching safepoint: 244139 ns, At safepoint: 4438 ns, Total: 248577 ns
[2022-12-06T08:59:24.182+0000][33][safepoint   ] Safepoint "Cleanup", Time since last: 6001251400 ns, Reaching safepoint: 517497 ns, At safepoint: 10199 ns, Total: 527696 ns
[2022-12-06T08:59:47.187+0000][33][safepoint   ] Safepoint "Cleanup", Time since last: 23004861723 ns, Reaching safepoint: 351436 ns, At safepoint: 12334 ns, Total: 363770 ns
[2022-12-06T08:59:48.188+0000][33][safepoint   ] Safepoint "Cleanup", Time since last: 1000592889 ns, Reaching safepoint: 224433 ns, At safepoint: 7088 ns, Total: 231521 ns
[2022-12-06T08:59:51.189+0000][33][safepoint   ] Safepoint "Cleanup", Time since last: 3000891069 ns, Reaching safepoint: 239194 ns, At safepoint: 3745 ns, Total: 242939 ns
[2022-12-06T09:00:02.191+0000][33][safepoint   ] Safepoint "Cleanup", Time since last: 11002065248 ns, Reaching safepoint: 223201 ns, At safepoint: 5572 ns, Total: 228773 ns
[2022-12-06T09:00:03.192+0000][33][safepoint   ] Safepoint "Cleanup", Time since last: 1000601130 ns, Reaching safepoint: 257772 ns, At safepoint: 4276 ns, Total: 262048 ns
[2022-12-06T09:00:08.194+0000][33][safepoint   ] Safepoint "Cleanup", Time since last: 5001273725 ns, Reaching safepoint: 798085 ns, At safepoint: 28803 ns, Total: 826888 ns
[2022-12-06T09:00:09.196+0000][33][safepoint   ] Safepoint "Cleanup", Time since last: 1000995952 ns, Reaching safepoint: 453175 ns, At safepoint: 10543 ns, Total: 463718 ns
[2022-12-06T09:00:18.198+0000][33][safepoint   ] Safepoint "Cleanup", Time since last: 9001976380 ns, Reaching safepoint: 280879 ns, At safepoint: 4019 ns, Total: 284898 ns
[2022-12-06T09:00:20.199+0000][33][safepoint   ] Safepoint "Cleanup", Time since last: 2000642796 ns, Reaching safepoint: 333369 ns, At safepoint: 7137 ns, Total: 340506 ns
[2022-12-06T09:00:48.203+0000][33][safepoint   ] Safepoint "Cleanup", Time since last: 28004346485 ns, Reaching safepoint: 278528 ns, At safepoint: 6834 ns, Total: 285362 ns
[2022-12-06T09:00:53.205+0000][33][safepoint   ] Safepoint "Cleanup", Time since last: 5001096786 ns, Reaching safepoint: 415526 ns, At safepoint: 15406 ns, Total: 430932 ns
[2022-12-06T09:01:00.207+0000][33][safepoint   ] Safepoint "Cleanup", Time since last: 7001515443 ns, Reaching safepoint: 364783 ns, At safepoint: 11494 ns, Total: 376277 ns
[2022-12-06T09:01:08.209+0000][33][safepoint   ] Safepoint "Cleanup", Time since last: 8001711286 ns, Reaching safepoint: 313583 ns, At safepoint: 5449 ns, Total: 319032 ns
[2022-12-06T09:01:38.214+0000][33][safepoint   ] Safepoint "Cleanup", Time since last: 30005297631 ns, Reaching safepoint: 272086 ns, At safepoint: 10610 ns, Total: 282696 ns
[2022-12-06T09:01:53.217+0000][33][safepoint   ] Safepoint "Cleanup", Time since last: 15002785040 ns, Reaching safepoint: 284232 ns, At safepoint: 5109 ns, Total: 289341 ns
[2022-12-06T09:01:54.218+0000][33][safepoint   ] Safepoint "Cleanup", Time since last: 1000535376 ns, Reaching safepoint: 277335 ns, At safepoint: 22101 ns, Total: 299436 ns
[2022-12-06T09:01:55.219+0000][33][safepoint   ] Safepoint "Cleanup", Time since last: 1000679973 ns, Reaching safepoint: 226010 ns, At safepoint: 11691 ns, Total: 237701 ns
[2022-12-06T09:02:10.223+0000][33][safepoint   ] Safepoint "Cleanup", Time since last: 15003186042 ns, Reaching safepoint: 293716 ns, At safepoint: 4155 ns, Total: 297871 ns
