[2022-12-06T08:57:28.693+0000][267][gc] Using G1
[2022-12-06T08:57:28.699+0000][267][gc,init] Version: 17.0.5+8 (release)
[2022-12-06T08:57:28.699+0000][267][gc,init] CPUs: 16 total, 16 available
[2022-12-06T08:57:28.699+0000][267][gc,init] Memory: 12553M
[2022-12-06T08:57:28.699+0000][267][gc,init] Large Page Support: Disabled
[2022-12-06T08:57:28.700+0000][267][gc,init] NUMA Support: Disabled
[2022-12-06T08:57:28.700+0000][267][gc,init] Compressed Oops: Enabled (32-bit)
[2022-12-06T08:57:28.700+0000][267][gc,init] Heap Region Size: 1M
[2022-12-06T08:57:28.700+0000][267][gc,init] Heap Min Capacity: 1G
[2022-12-06T08:57:28.700+0000][267][gc,init] Heap Initial Capacity: 1G
[2022-12-06T08:57:28.700+0000][267][gc,init] Heap Max Capacity: 1G
[2022-12-06T08:57:28.711+0000][267][gc,init] Pre-touch: Disabled
[2022-12-06T08:57:28.711+0000][267][gc,init] Parallel Workers: 13
[2022-12-06T08:57:28.711+0000][267][gc,init] Concurrent Workers: 3
[2022-12-06T08:57:28.711+0000][267][gc,init] Concurrent Refinement Workers: 13
[2022-12-06T08:57:28.712+0000][267][gc,init] Periodic GC: Disabled
[2022-12-06T08:57:28.712+0000][267][gc,metaspace] CDS archive(s) not mapped
[2022-12-06T08:57:28.712+0000][267][gc,metaspace] Compressed class space mapped at: 0x0000000100000000-0x0000000140000000, reserved size: 1073741824
[2022-12-06T08:57:28.712+0000][267][gc,metaspace] Narrow klass base: 0x0000000000000000, Narrow klass shift: 3, Narrow klass range: 0x140000000
[2022-12-06T08:57:28.781+0000][267][gc,heap,exit] Heap
[2022-12-06T08:57:28.782+0000][267][gc,heap,exit]  garbage-first heap   total 1048576K, used 2048K [0x00000000c0000000, 0x0000000100000000)
[2022-12-06T08:57:28.782+0000][267][gc,heap,exit]   region size 1024K, 2 young (2048K), 0 survivors (0K)
[2022-12-06T08:57:28.782+0000][267][gc,heap,exit]  Metaspace       used 4574K, committed 4736K, reserved 1056768K
[2022-12-06T08:57:28.782+0000][267][gc,heap,exit]   class space    used 358K, committed 448K, reserved 1048576K
