[2022-12-06T08:41:22.714+0000][102][gc] Using G1
[2022-12-06T08:41:23.050+0000][102][gc,init] Version: 17.0.5+8 (release)
[2022-12-06T08:41:23.050+0000][102][gc,init] CPUs: 16 total, 16 available
[2022-12-06T08:41:23.050+0000][102][gc,init] Memory: 12553M
[2022-12-06T08:41:23.051+0000][102][gc,init] Large Page Support: Disabled
[2022-12-06T08:41:23.051+0000][102][gc,init] NUMA Support: Disabled
[2022-12-06T08:41:23.051+0000][102][gc,init] Compressed Oops: Enabled (32-bit)
[2022-12-06T08:41:23.051+0000][102][gc,init] Heap Region Size: 1M
[2022-12-06T08:41:23.051+0000][102][gc,init] Heap Min Capacity: 1G
[2022-12-06T08:41:23.051+0000][102][gc,init] Heap Initial Capacity: 1G
[2022-12-06T08:41:23.051+0000][102][gc,init] Heap Max Capacity: 1G
[2022-12-06T08:41:23.052+0000][102][gc,init] Pre-touch: Enabled
[2022-12-06T08:41:23.052+0000][102][gc,init] Parallel Workers: 13
[2022-12-06T08:41:23.052+0000][102][gc,init] Concurrent Workers: 3
[2022-12-06T08:41:23.052+0000][102][gc,init] Concurrent Refinement Workers: 13
[2022-12-06T08:41:23.052+0000][102][gc,init] Periodic GC: Disabled
[2022-12-06T08:41:23.053+0000][102][gc,metaspace] CDS archive(s) mapped at: [0x0000000800000000-0x0000000800be1000-0x0000000800be1000), size 12455936, SharedBaseAddress: 0x0000000800000000, ArchiveRelocationMode: 0.
[2022-12-06T08:41:23.053+0000][102][gc,metaspace] Compressed class space mapped at: 0x0000000800c00000-0x0000000840c00000, reserved size: 1073741824
[2022-12-06T08:41:23.053+0000][102][gc,metaspace] Narrow klass base: 0x0000000800000000, Narrow klass shift: 0, Narrow klass range: 0x100000000
[2022-12-06T08:41:23.568+0000][102][safepoint   ] Safepoint "ICBufferFull", Time since last: 509214252 ns, Reaching safepoint: 186481 ns, At safepoint: 16533 ns, Total: 203014 ns
[2022-12-06T08:41:24.584+0000][102][safepoint   ] Safepoint "ICBufferFull", Time since last: 1015206437 ns, Reaching safepoint: 204792 ns, At safepoint: 5019 ns, Total: 209811 ns
[2022-12-06T08:41:24.732+0000][102][gc,start    ] GC(0) Pause Young (Normal) (G1 Evacuation Pause)
[2022-12-06T08:41:24.733+0000][102][gc,task     ] GC(0) Using 13 workers of 13 for evacuation
[2022-12-06T08:41:24.733+0000][102][gc,age      ] GC(0) Desired survivor size 3670016 bytes, new threshold 15 (max threshold 15)
[2022-12-06T08:41:24.738+0000][102][gc,age      ] GC(0) Age table with threshold 15 (max threshold 15)
[2022-12-06T08:41:24.739+0000][102][gc,age      ] GC(0) - age   1:    5502008 bytes,    5502008 total
[2022-12-06T08:41:24.739+0000][102][gc,phases   ] GC(0)   Pre Evacuate Collection Set: 0.3ms
[2022-12-06T08:41:24.739+0000][102][gc,phases   ] GC(0)   Merge Heap Roots: 0.2ms
[2022-12-06T08:41:24.739+0000][102][gc,phases   ] GC(0)   Evacuate Collection Set: 3.2ms
[2022-12-06T08:41:24.740+0000][102][gc,phases   ] GC(0)   Post Evacuate Collection Set: 1.5ms
[2022-12-06T08:41:24.740+0000][102][gc,phases   ] GC(0)   Other: 1.4ms
[2022-12-06T08:41:24.740+0000][102][gc,heap     ] GC(0) Eden regions: 51->0(58)
[2022-12-06T08:41:24.740+0000][102][gc,heap     ] GC(0) Survivor regions: 0->6(7)
[2022-12-06T08:41:24.740+0000][102][gc,heap     ] GC(0) Old regions: 0->0
[2022-12-06T08:41:24.740+0000][102][gc,heap     ] GC(0) Archive regions: 2->2
[2022-12-06T08:41:24.740+0000][102][gc,heap     ] GC(0) Humongous regions: 1->1
[2022-12-06T08:41:24.741+0000][102][gc,metaspace] GC(0) Metaspace: 14527K(14848K)->14527K(14848K) NonClass: 12763K(12928K)->12763K(12928K) Class: 1764K(1920K)->1764K(1920K)
[2022-12-06T08:41:24.741+0000][102][gc          ] GC(0) Pause Young (Normal) (G1 Evacuation Pause) 52M->7M(1024M) 8.459ms
[2022-12-06T08:41:24.741+0000][102][gc,cpu      ] GC(0) User=0.05s Sys=0.01s Real=0.01s
[2022-12-06T08:41:24.741+0000][102][safepoint   ] Safepoint "G1CollectForAllocation", Time since last: 148391883 ns, Reaching safepoint: 104052 ns, At safepoint: 8968585 ns, Total: 9072637 ns
[2022-12-06T08:41:25.025+0000][102][gc,start    ] GC(1) Pause Young (Normal) (G1 Evacuation Pause)
[2022-12-06T08:41:25.026+0000][102][gc,task     ] GC(1) Using 13 workers of 13 for evacuation
[2022-12-06T08:41:25.026+0000][102][gc,age      ] GC(1) Desired survivor size 4194304 bytes, new threshold 1 (max threshold 15)
[2022-12-06T08:41:25.031+0000][102][gc,age      ] GC(1) Age table with threshold 1 (max threshold 15)
[2022-12-06T08:41:25.031+0000][102][gc,age      ] GC(1) - age   1:    1982768 bytes,    1982768 total
[2022-12-06T08:41:25.031+0000][102][gc,phases   ] GC(1)   Pre Evacuate Collection Set: 0.3ms
[2022-12-06T08:41:25.032+0000][102][gc,phases   ] GC(1)   Merge Heap Roots: 0.2ms
[2022-12-06T08:41:25.032+0000][102][gc,phases   ] GC(1)   Evacuate Collection Set: 3.1ms
[2022-12-06T08:41:25.032+0000][102][gc,phases   ] GC(1)   Post Evacuate Collection Set: 0.8ms
[2022-12-06T08:41:25.032+0000][102][gc,phases   ] GC(1)   Other: 2.2ms
[2022-12-06T08:41:25.032+0000][102][gc,heap     ] GC(1) Eden regions: 58->0(125)
[2022-12-06T08:41:25.032+0000][102][gc,heap     ] GC(1) Survivor regions: 6->3(8)
[2022-12-06T08:41:25.033+0000][102][gc,heap     ] GC(1) Old regions: 0->6
[2022-12-06T08:41:25.033+0000][102][gc,heap     ] GC(1) Archive regions: 2->2
[2022-12-06T08:41:25.033+0000][102][gc,heap     ] GC(1) Humongous regions: 1->1
[2022-12-06T08:41:25.033+0000][102][gc,metaspace] GC(1) Metaspace: 15938K(16192K)->15938K(16192K) NonClass: 14009K(14144K)->14009K(14144K) Class: 1928K(2048K)->1928K(2048K)
[2022-12-06T08:41:25.033+0000][102][gc          ] GC(1) Pause Young (Normal) (G1 Evacuation Pause) 65M->9M(1024M) 8.042ms
[2022-12-06T08:41:25.033+0000][102][gc,cpu      ] GC(1) User=0.04s Sys=0.01s Real=0.01s
[2022-12-06T08:41:25.033+0000][102][safepoint   ] Safepoint "G1CollectForAllocation", Time since last: 282839575 ns, Reaching safepoint: 717825 ns, At safepoint: 8599723 ns, Total: 9317548 ns
[2022-12-06T08:41:25.437+0000][102][gc,start    ] GC(2) Pause Young (Normal) (G1 Evacuation Pause)
[2022-12-06T08:41:25.438+0000][102][gc,task     ] GC(2) Using 13 workers of 13 for evacuation
[2022-12-06T08:41:25.439+0000][102][gc,age      ] GC(2) Desired survivor size 8388608 bytes, new threshold 15 (max threshold 15)
[2022-12-06T08:41:25.443+0000][102][gc,age      ] GC(2) Age table with threshold 15 (max threshold 15)
[2022-12-06T08:41:25.444+0000][102][gc,age      ] GC(2) - age   1:    3525024 bytes,    3525024 total
[2022-12-06T08:41:25.444+0000][102][gc,age      ] GC(2) - age   2:     739512 bytes,    4264536 total
[2022-12-06T08:41:25.444+0000][102][gc,phases   ] GC(2)   Pre Evacuate Collection Set: 0.4ms
[2022-12-06T08:41:25.445+0000][102][gc,phases   ] GC(2)   Merge Heap Roots: 0.2ms
[2022-12-06T08:41:25.445+0000][102][gc,phases   ] GC(2)   Evacuate Collection Set: 2.7ms
[2022-12-06T08:41:25.445+0000][102][gc,phases   ] GC(2)   Post Evacuate Collection Set: 1.2ms
[2022-12-06T08:41:25.445+0000][102][gc,phases   ] GC(2)   Other: 2.6ms
[2022-12-06T08:41:25.446+0000][102][gc,heap     ] GC(2) Eden regions: 125->0(609)
[2022-12-06T08:41:25.446+0000][102][gc,heap     ] GC(2) Survivor regions: 3->5(16)
[2022-12-06T08:41:25.446+0000][102][gc,heap     ] GC(2) Old regions: 6->6
[2022-12-06T08:41:25.446+0000][102][gc,heap     ] GC(2) Archive regions: 2->2
[2022-12-06T08:41:25.446+0000][102][gc,heap     ] GC(2) Humongous regions: 1->1
[2022-12-06T08:41:25.446+0000][102][gc,metaspace] GC(2) Metaspace: 16461K(16704K)->16461K(16704K) NonClass: 14474K(14592K)->14474K(14592K) Class: 1987K(2112K)->1987K(2112K)
[2022-12-06T08:41:25.447+0000][102][gc          ] GC(2) Pause Young (Normal) (G1 Evacuation Pause) 134M->11M(1024M) 9.246ms
[2022-12-06T08:41:25.447+0000][102][gc,cpu      ] GC(2) User=0.06s Sys=0.02s Real=0.01s
[2022-12-06T08:41:25.447+0000][102][safepoint   ] Safepoint "G1CollectForAllocation", Time since last: 403064518 ns, Reaching safepoint: 582353 ns, At safepoint: 9830111 ns, Total: 10412464 ns
[2022-12-06T08:41:26.027+0000][102][safepoint   ] Safepoint "ICBufferFull", Time since last: 580200698 ns, Reaching safepoint: 197272 ns, At safepoint: 2479 ns, Total: 199751 ns
[2022-12-06T08:41:26.785+0000][102][gc,start    ] GC(3) Pause Young (Concurrent Start) (Metadata GC Threshold)
[2022-12-06T08:41:26.785+0000][102][gc,task     ] GC(3) Using 13 workers of 13 for evacuation
[2022-12-06T08:41:26.785+0000][102][gc,age      ] GC(3) Desired survivor size 40370176 bytes, new threshold 15 (max threshold 15)
[2022-12-06T08:41:26.793+0000][102][gc,age      ] GC(3) Age table with threshold 15 (max threshold 15)
[2022-12-06T08:41:26.793+0000][102][gc,age      ] GC(3) - age   1:   14089784 bytes,   14089784 total
[2022-12-06T08:41:26.793+0000][102][gc,age      ] GC(3) - age   2:    1965800 bytes,   16055584 total
[2022-12-06T08:41:26.793+0000][102][gc,age      ] GC(3) - age   3:     738408 bytes,   16793992 total
[2022-12-06T08:41:26.794+0000][102][gc,phases   ] GC(3)   Pre Evacuate Collection Set: 0.6ms
[2022-12-06T08:41:26.794+0000][102][gc,phases   ] GC(3)   Merge Heap Roots: 0.2ms
[2022-12-06T08:41:26.794+0000][102][gc,phases   ] GC(3)   Evacuate Collection Set: 5.5ms
[2022-12-06T08:41:26.794+0000][102][gc,phases   ] GC(3)   Post Evacuate Collection Set: 0.9ms
[2022-12-06T08:41:26.794+0000][102][gc,phases   ] GC(3)   Other: 1.7ms
[2022-12-06T08:41:26.794+0000][102][gc,heap     ] GC(3) Eden regions: 476->0(597)
[2022-12-06T08:41:26.794+0000][102][gc,heap     ] GC(3) Survivor regions: 5->17(77)
[2022-12-06T08:41:26.794+0000][102][gc,heap     ] GC(3) Old regions: 6->6
[2022-12-06T08:41:26.794+0000][102][gc,heap     ] GC(3) Archive regions: 2->2
[2022-12-06T08:41:26.794+0000][102][gc,heap     ] GC(3) Humongous regions: 7->1
[2022-12-06T08:41:26.795+0000][102][gc,metaspace] GC(3) Metaspace: 21087K(21504K)->21087K(21504K) NonClass: 18550K(18816K)->18550K(18816K) Class: 2537K(2688K)->2537K(2688K)
[2022-12-06T08:41:26.795+0000][102][gc          ] GC(3) Pause Young (Concurrent Start) (Metadata GC Threshold) 492M->23M(1024M) 10.020ms
[2022-12-06T08:41:26.795+0000][102][gc,cpu      ] GC(3) User=0.06s Sys=0.02s Real=0.01s
[2022-12-06T08:41:26.795+0000][102][gc          ] GC(4) Concurrent Mark Cycle
[2022-12-06T08:41:26.795+0000][102][safepoint   ] Safepoint "CollectForMetadataAllocation", Time since last: 757014040 ns, Reaching safepoint: 211222 ns, At safepoint: 10369532 ns, Total: 10580754 ns
[2022-12-06T08:41:26.795+0000][102][gc,marking  ] GC(4) Concurrent Clear Claimed Marks
[2022-12-06T08:41:26.795+0000][102][gc,marking  ] GC(4) Concurrent Clear Claimed Marks 0.346ms
[2022-12-06T08:41:26.796+0000][102][gc,marking  ] GC(4) Concurrent Scan Root Regions
[2022-12-06T08:41:26.797+0000][102][gc,marking  ] GC(4) Concurrent Scan Root Regions 1.493ms
[2022-12-06T08:41:26.797+0000][102][gc,marking  ] GC(4) Concurrent Mark
[2022-12-06T08:41:26.797+0000][102][gc,marking  ] GC(4) Concurrent Mark From Roots
[2022-12-06T08:41:26.797+0000][102][gc,task     ] GC(4) Using 3 workers of 3 for marking
[2022-12-06T08:41:26.801+0000][102][gc,marking  ] GC(4) Concurrent Mark From Roots 3.352ms
[2022-12-06T08:41:26.801+0000][102][gc,marking  ] GC(4) Concurrent Preclean
[2022-12-06T08:41:26.801+0000][102][gc,marking  ] GC(4) Concurrent Preclean 0.167ms
[2022-12-06T08:41:26.801+0000][102][gc,start    ] GC(4) Pause Remark
[2022-12-06T08:41:26.805+0000][102][gc          ] GC(4) Pause Remark 24M->24M(1024M) 3.418ms
[2022-12-06T08:41:26.805+0000][102][gc,cpu      ] GC(4) User=0.01s Sys=0.01s Real=0.00s
[2022-12-06T08:41:26.805+0000][102][safepoint   ] Safepoint "G1Concurrent", Time since last: 6197267 ns, Reaching safepoint: 187373 ns, At safepoint: 3921743 ns, Total: 4109116 ns
[2022-12-06T08:41:26.805+0000][102][gc,marking  ] GC(4) Concurrent Mark 8.249ms
[2022-12-06T08:41:26.806+0000][102][gc,marking  ] GC(4) Concurrent Rebuild Remembered Sets
[2022-12-06T08:41:26.807+0000][102][gc,marking  ] GC(4) Concurrent Rebuild Remembered Sets 1.836ms
[2022-12-06T08:41:26.808+0000][102][gc,start    ] GC(4) Pause Cleanup
[2022-12-06T08:41:26.808+0000][102][gc          ] GC(4) Pause Cleanup 24M->24M(1024M) 0.392ms
[2022-12-06T08:41:26.808+0000][102][gc,cpu      ] GC(4) User=0.00s Sys=0.00s Real=0.00s
[2022-12-06T08:41:26.809+0000][102][safepoint   ] Safepoint "G1Concurrent", Time since last: 2453783 ns, Reaching safepoint: 186681 ns, At safepoint: 694138 ns, Total: 880819 ns
[2022-12-06T08:41:26.809+0000][102][gc,marking  ] GC(4) Concurrent Cleanup for Next Mark
[2022-12-06T08:41:26.810+0000][102][gc,marking  ] GC(4) Concurrent Cleanup for Next Mark 1.364ms
[2022-12-06T08:41:26.810+0000][102][gc          ] GC(4) Concurrent Mark Cycle 15.393ms
[2022-12-06T08:41:27.672+0000][102][safepoint   ] Safepoint "ICBufferFull", Time since last: 863389289 ns, Reaching safepoint: 318199 ns, At safepoint: 2627 ns, Total: 320826 ns
[2022-12-06T08:41:27.861+0000][102][gc,start    ] GC(5) Pause Young (Concurrent Start) (Metadata GC Threshold)
[2022-12-06T08:41:27.861+0000][102][gc,task     ] GC(5) Using 13 workers of 13 for evacuation
[2022-12-06T08:41:27.862+0000][102][gc,age      ] GC(5) Desired survivor size 40370176 bytes, new threshold 15 (max threshold 15)
[2022-12-06T08:41:27.875+0000][102][gc,age      ] GC(5) Age table with threshold 15 (max threshold 15)
[2022-12-06T08:41:27.876+0000][102][gc,age      ] GC(5) - age   1:   11087952 bytes,   11087952 total
[2022-12-06T08:41:27.876+0000][102][gc,age      ] GC(5) - age   2:   13987696 bytes,   25075648 total
[2022-12-06T08:41:27.876+0000][102][gc,age      ] GC(5) - age   3:    1959624 bytes,   27035272 total
[2022-12-06T08:41:27.876+0000][102][gc,age      ] GC(5) - age   4:     686872 bytes,   27722144 total
[2022-12-06T08:41:27.876+0000][102][gc,phases   ] GC(5)   Pre Evacuate Collection Set: 0.4ms
[2022-12-06T08:41:27.877+0000][102][gc,phases   ] GC(5)   Merge Heap Roots: 0.3ms
[2022-12-06T08:41:27.877+0000][102][gc,phases   ] GC(5)   Evacuate Collection Set: 10.9ms
[2022-12-06T08:41:27.877+0000][102][gc,phases   ] GC(5)   Post Evacuate Collection Set: 1.6ms
[2022-12-06T08:41:27.877+0000][102][gc,phases   ] GC(5)   Other: 2.2ms
[2022-12-06T08:41:27.877+0000][102][gc,heap     ] GC(5) Eden regions: 221->0(586)
[2022-12-06T08:41:27.878+0000][102][gc,heap     ] GC(5) Survivor regions: 17->28(77)
[2022-12-06T08:41:27.878+0000][102][gc,heap     ] GC(5) Old regions: 6->6
[2022-12-06T08:41:27.878+0000][102][gc,heap     ] GC(5) Archive regions: 2->2
[2022-12-06T08:41:27.878+0000][102][gc,heap     ] GC(5) Humongous regions: 7->1
[2022-12-06T08:41:27.878+0000][102][gc,metaspace] GC(5) Metaspace: 35343K(36160K)->35343K(36160K) NonClass: 31391K(31872K)->31391K(31872K) Class: 3952K(4288K)->3952K(4288K)
[2022-12-06T08:41:27.878+0000][102][gc          ] GC(5) Pause Young (Concurrent Start) (Metadata GC Threshold) 250M->35M(1024M) 17.204ms
[2022-12-06T08:41:27.878+0000][102][gc,cpu      ] GC(5) User=0.14s Sys=0.00s Real=0.02s
[2022-12-06T08:41:27.878+0000][102][gc          ] GC(6) Concurrent Mark Cycle
[2022-12-06T08:41:27.879+0000][102][gc,marking  ] GC(6) Concurrent Clear Claimed Marks
[2022-12-06T08:41:27.879+0000][102][safepoint   ] Safepoint "CollectForMetadataAllocation", Time since last: 188204766 ns, Reaching safepoint: 390917 ns, At safepoint: 17680839 ns, Total: 18071756 ns
[2022-12-06T08:41:27.879+0000][102][gc,marking  ] GC(6) Concurrent Clear Claimed Marks 0.275ms
[2022-12-06T08:41:27.879+0000][102][gc,marking  ] GC(6) Concurrent Scan Root Regions
[2022-12-06T08:41:27.882+0000][102][gc,marking  ] GC(6) Concurrent Scan Root Regions 3.157ms
[2022-12-06T08:41:27.883+0000][102][gc,marking  ] GC(6) Concurrent Mark
[2022-12-06T08:41:27.883+0000][102][gc,marking  ] GC(6) Concurrent Mark From Roots
[2022-12-06T08:41:27.883+0000][102][gc,task     ] GC(6) Using 3 workers of 3 for marking
[2022-12-06T08:41:27.888+0000][102][gc,marking  ] GC(6) Concurrent Mark From Roots 5.369ms
[2022-12-06T08:41:27.888+0000][102][gc,marking  ] GC(6) Concurrent Preclean
[2022-12-06T08:41:27.889+0000][102][gc,marking  ] GC(6) Concurrent Preclean 0.485ms
[2022-12-06T08:41:27.890+0000][102][gc,start    ] GC(6) Pause Remark
[2022-12-06T08:41:27.892+0000][102][gc          ] GC(6) Pause Remark 36M->36M(1024M) 2.381ms
[2022-12-06T08:41:27.892+0000][102][gc,cpu      ] GC(6) User=0.02s Sys=0.00s Real=0.00s
[2022-12-06T08:41:27.892+0000][102][safepoint   ] Safepoint "G1Concurrent", Time since last: 10611639 ns, Reaching safepoint: 302076 ns, At safepoint: 2941967 ns, Total: 3244043 ns
[2022-12-06T08:41:27.893+0000][102][gc,marking  ] GC(6) Concurrent Mark 10.131ms
[2022-12-06T08:41:27.893+0000][102][gc,marking  ] GC(6) Concurrent Rebuild Remembered Sets
[2022-12-06T08:41:27.895+0000][102][gc,marking  ] GC(6) Concurrent Rebuild Remembered Sets 2.084ms
[2022-12-06T08:41:27.896+0000][102][gc,start    ] GC(6) Pause Cleanup
[2022-12-06T08:41:27.897+0000][102][gc          ] GC(6) Pause Cleanup 36M->36M(1024M) 0.522ms
[2022-12-06T08:41:27.897+0000][102][gc,cpu      ] GC(6) User=0.00s Sys=0.00s Real=0.00s
[2022-12-06T08:41:27.897+0000][102][safepoint   ] Safepoint "G1Concurrent", Time since last: 3029946 ns, Reaching safepoint: 569645 ns, At safepoint: 954117 ns, Total: 1523762 ns
[2022-12-06T08:41:27.897+0000][102][gc,marking  ] GC(6) Concurrent Cleanup for Next Mark
[2022-12-06T08:41:27.899+0000][102][gc,marking  ] GC(6) Concurrent Cleanup for Next Mark 1.882ms
[2022-12-06T08:41:27.899+0000][102][gc          ] GC(6) Concurrent Mark Cycle 20.935ms
[2022-12-06T08:41:28.712+0000][102][safepoint   ] Safepoint "ICBufferFull", Time since last: 814914241 ns, Reaching safepoint: 277051 ns, At safepoint: 6613 ns, Total: 283664 ns
[2022-12-06T08:41:29.517+0000][102][safepoint   ] Safepoint "ICBufferFull", Time since last: 804835907 ns, Reaching safepoint: 382274 ns, At safepoint: 45809 ns, Total: 428083 ns
[2022-12-06T08:41:30.222+0000][102][safepoint   ] Safepoint "ICBufferFull", Time since last: 704018570 ns, Reaching safepoint: 186850 ns, At safepoint: 14845 ns, Total: 201695 ns
[2022-12-06T08:41:30.566+0000][102][gc,start    ] GC(7) Pause Young (Concurrent Start) (Metadata GC Threshold)
[2022-12-06T08:41:30.566+0000][102][gc,task     ] GC(7) Using 13 workers of 13 for evacuation
[2022-12-06T08:41:30.567+0000][102][gc,age      ] GC(7) Desired survivor size 40370176 bytes, new threshold 15 (max threshold 15)
[2022-12-06T08:41:30.592+0000][102][gc,age      ] GC(7) Age table with threshold 15 (max threshold 15)
[2022-12-06T08:41:30.592+0000][102][gc,age      ] GC(7) - age   1:   32062280 bytes,   32062280 total
[2022-12-06T08:41:30.592+0000][102][gc,age      ] GC(7) - age   2:   10502200 bytes,   42564480 total
[2022-12-06T08:41:30.592+0000][102][gc,age      ] GC(7) - age   3:   13957224 bytes,   56521704 total
[2022-12-06T08:41:30.592+0000][102][gc,age      ] GC(7) - age   4:    1955032 bytes,   58476736 total
[2022-12-06T08:41:30.592+0000][102][gc,age      ] GC(7) - age   5:     681816 bytes,   59158552 total
[2022-12-06T08:41:30.592+0000][102][gc,phases   ] GC(7)   Pre Evacuate Collection Set: 0.4ms
[2022-12-06T08:41:30.593+0000][102][gc,phases   ] GC(7)   Merge Heap Roots: 0.2ms
[2022-12-06T08:41:30.593+0000][102][gc,phases   ] GC(7)   Evacuate Collection Set: 22.1ms
[2022-12-06T08:41:30.593+0000][102][gc,phases   ] GC(7)   Post Evacuate Collection Set: 2.1ms
[2022-12-06T08:41:30.593+0000][102][gc,phases   ] GC(7)   Other: 1.8ms
[2022-12-06T08:41:30.593+0000][102][gc,heap     ] GC(7) Eden regions: 283->0(316)
[2022-12-06T08:41:30.593+0000][102][gc,heap     ] GC(7) Survivor regions: 28->60(77)
[2022-12-06T08:41:30.593+0000][102][gc,heap     ] GC(7) Old regions: 6->6
[2022-12-06T08:41:30.593+0000][102][gc,heap     ] GC(7) Archive regions: 2->2
[2022-12-06T08:41:30.593+0000][102][gc,heap     ] GC(7) Humongous regions: 2->1
[2022-12-06T08:41:30.593+0000][102][gc,metaspace] GC(7) Metaspace: 59434K(60480K)->59434K(60480K) NonClass: 52086K(52672K)->52086K(52672K) Class: 7348K(7808K)->7348K(7808K)
[2022-12-06T08:41:30.594+0000][102][gc          ] GC(7) Pause Young (Concurrent Start) (Metadata GC Threshold) 319M->66M(1024M) 27.659ms
[2022-12-06T08:41:30.594+0000][102][gc,cpu      ] GC(7) User=0.32s Sys=0.00s Real=0.03s
[2022-12-06T08:41:30.594+0000][102][gc          ] GC(8) Concurrent Mark Cycle
[2022-12-06T08:41:30.594+0000][102][safepoint   ] Safepoint "CollectForMetadataAllocation", Time since last: 343559420 ns, Reaching safepoint: 563002 ns, At safepoint: 28108533 ns, Total: 28671535 ns
[2022-12-06T08:41:30.594+0000][102][gc,marking  ] GC(8) Concurrent Clear Claimed Marks
[2022-12-06T08:41:30.594+0000][102][gc,marking  ] GC(8) Concurrent Clear Claimed Marks 0.354ms
[2022-12-06T08:41:30.595+0000][102][gc,marking  ] GC(8) Concurrent Scan Root Regions
[2022-12-06T08:41:30.602+0000][102][gc,marking  ] GC(8) Concurrent Scan Root Regions 7.493ms
[2022-12-06T08:41:30.602+0000][102][gc,marking  ] GC(8) Concurrent Mark
[2022-12-06T08:41:30.603+0000][102][gc,marking  ] GC(8) Concurrent Mark From Roots
[2022-12-06T08:41:30.603+0000][102][gc,task     ] GC(8) Using 3 workers of 3 for marking
[2022-12-06T08:41:30.606+0000][102][gc,marking  ] GC(8) Concurrent Mark From Roots 3.298ms
[2022-12-06T08:41:30.606+0000][102][gc,marking  ] GC(8) Concurrent Preclean
[2022-12-06T08:41:30.606+0000][102][gc,marking  ] GC(8) Concurrent Preclean 0.219ms
[2022-12-06T08:41:30.607+0000][102][gc,start    ] GC(8) Pause Remark
[2022-12-06T08:41:30.609+0000][102][gc          ] GC(8) Pause Remark 68M->68M(1024M) 2.550ms
[2022-12-06T08:41:30.610+0000][102][gc,cpu      ] GC(8) User=0.02s Sys=0.00s Real=0.00s
[2022-12-06T08:41:30.610+0000][102][safepoint   ] Safepoint "G1Concurrent", Time since last: 12552714 ns, Reaching safepoint: 274662 ns, At safepoint: 2966025 ns, Total: 3240687 ns
[2022-12-06T08:41:30.610+0000][102][gc,marking  ] GC(8) Concurrent Mark 7.453ms
[2022-12-06T08:41:30.610+0000][102][gc,marking  ] GC(8) Concurrent Rebuild Remembered Sets
[2022-12-06T08:41:30.611+0000][102][gc,marking  ] GC(8) Concurrent Rebuild Remembered Sets 1.264ms
[2022-12-06T08:41:30.612+0000][102][gc,start    ] GC(8) Pause Cleanup
[2022-12-06T08:41:30.612+0000][102][gc          ] GC(8) Pause Cleanup 68M->68M(1024M) 0.320ms
[2022-12-06T08:41:30.612+0000][102][gc,cpu      ] GC(8) User=0.00s Sys=0.00s Real=0.00s
[2022-12-06T08:41:30.612+0000][102][safepoint   ] Safepoint "G1Concurrent", Time since last: 1744406 ns, Reaching safepoint: 228328 ns, At safepoint: 572163 ns, Total: 800491 ns
[2022-12-06T08:41:30.612+0000][102][gc,marking  ] GC(8) Concurrent Cleanup for Next Mark
[2022-12-06T08:41:30.614+0000][102][gc,marking  ] GC(8) Concurrent Cleanup for Next Mark 1.601ms
[2022-12-06T08:41:30.614+0000][102][gc          ] GC(8) Concurrent Mark Cycle 20.389ms
[2022-12-06T08:41:31.722+0000][102][safepoint   ] Safepoint "ICBufferFull", Time since last: 1108119460 ns, Reaching safepoint: 1352839 ns, At safepoint: 40057 ns, Total: 1392896 ns
[2022-12-06T08:41:32.127+0000][102][safepoint   ] Safepoint "ICBufferFull", Time since last: 404597377 ns, Reaching safepoint: 382075 ns, At safepoint: 2542 ns, Total: 384617 ns
[2022-12-06T08:41:32.984+0000][102][safepoint   ] Safepoint "ICBufferFull", Time since last: 856422770 ns, Reaching safepoint: 1183244 ns, At safepoint: 26449 ns, Total: 1209693 ns
[2022-12-06T08:41:33.986+0000][102][safepoint   ] Safepoint "Cleanup", Time since last: 1001036680 ns, Reaching safepoint: 439851 ns, At safepoint: 14517 ns, Total: 454368 ns
[2022-12-06T08:41:34.987+0000][102][safepoint   ] Safepoint "Cleanup", Time since last: 1000724296 ns, Reaching safepoint: 261558 ns, At safepoint: 6879 ns, Total: 268437 ns
[2022-12-06T08:41:37.988+0000][102][safepoint   ] Safepoint "Cleanup", Time since last: 3000931223 ns, Reaching safepoint: 235684 ns, At safepoint: 3253 ns, Total: 238937 ns
[2022-12-06T08:41:38.989+0000][102][safepoint   ] Safepoint "Cleanup", Time since last: 1000531841 ns, Reaching safepoint: 238570 ns, At safepoint: 4106 ns, Total: 242676 ns
[2022-12-06T08:41:39.990+0000][102][safepoint   ] Safepoint "Cleanup", Time since last: 1000641848 ns, Reaching safepoint: 377448 ns, At safepoint: 11712 ns, Total: 389160 ns
[2022-12-06T08:41:43.991+0000][102][safepoint   ] Safepoint "Cleanup", Time since last: 4001113059 ns, Reaching safepoint: 269862 ns, At safepoint: 4423 ns, Total: 274285 ns
[2022-12-06T08:41:47.993+0000][102][safepoint   ] Safepoint "Cleanup", Time since last: 4001053775 ns, Reaching safepoint: 272832 ns, At safepoint: 4001 ns, Total: 276833 ns
[2022-12-06T08:41:51.900+0000][102][gc,heap,exit] Heap
[2022-12-06T08:41:51.900+0000][102][gc,heap,exit]  garbage-first heap   total 1048576K, used 254554K [0x00000000c0000000, 0x0000000100000000)
[2022-12-06T08:41:51.900+0000][102][gc,heap,exit]   region size 1024K, 242 young (247808K), 60 survivors (61440K)
[2022-12-06T08:41:51.901+0000][102][gc,heap,exit]  Metaspace       used 90586K, committed 91712K, reserved 1130496K
[2022-12-06T08:41:51.901+0000][102][gc,heap,exit]   class space    used 11490K, committed 11968K, reserved 1048576K
